Error at line 1: symbol 'duplParam' is already declared!
Error at line 2: symbol 'd' is already declared!
Error at line 5: symbol 'a' is already declared!
Error at line 7: symbol 'a' is already declared!
Error at line 9: symbol 'b' is already declared!
Error at line 12: symbol 'a' is already declared!
Error at line 15: symbol 'c' is not declared
Error at line 18: symbol 'main' is already declared!
